../Core/Src/gpioFunctions.c:31:6:halInitialize	16	static
../Core/Src/gpioFunctions.c:54:6:clockConfiguration	72	static
../Core/Src/gpioFunctions.c:118:6:uartInit	24	static
../Core/Src/gpioFunctions.c:157:6:gpioInit	40	static
../Core/Src/gpioFunctions.c:197:6:watchDogInit	24	static
../Core/Src/gpioFunctions.c:226:6:timerInit	48	static
../Core/Src/gpioFunctions.c:298:6:interruptEnable	8	static
../Core/Src/gpioFunctions.c:311:6:schedulerInit	16	static
../Core/Src/gpioFunctions.c:334:6:schedulerStart	16	static
../Core/Src/gpioFunctions.c:357:13:errorHandler	4	static,ignoring_inline_asm
../Core/Src/gpioFunctions.c:376:6:gpioWrite	16	static
../Core/Src/gpioFunctions.c:389:6:gpioRead	24	static
../Core/Src/gpioFunctions.c:409:6:gpioToggle	16	static
../Core/Src/gpioFunctions.c:423:6:gpioTransmit	32	static
../Core/Src/gpioFunctions.c:444:6:gpioReceive	24	static
../Core/Src/gpioFunctions.c:464:6:refreshWatchDog	24	static
../Core/Src/gpioFunctions.c:484:6:checkReset	16	static
../Core/Src/gpioFunctions.c:507:6:clearReset	4	static
../Core/Src/gpioFunctions.c:519:6:modeChange	32	static
../Core/Src/gpioFunctions.c:544:6:milliDelay	24	static
../Core/Src/gpioFunctions.c:567:6:timeBaseStart	24	static
